// Jest Snapshot v1, https://goo.gl/fbAQLP

exports[`Pruebas en <TodoListItem /> Debe mostrarse correctamente 1`] = `
<div>
  <li
    className="list-group-item"
    key="1"
  >
    <p
      className="false"
      onClick={[Function]}
    >
       
      1
      . 
      JavaScript
       
    </p>
    <button
      className="btn btn-danger"
      onClick={[Function]}
    >
      Borrar
    </button>
  </li>
</div>
`;
